// Jest Snapshot v1, https://goo.gl/fbAQLP

exports[`Render OfferSmallCard 1`] = `
<div
  className="place-card__info"
>
  <div
    className="place-card__price-wrapper"
  >
    <div
      className="place-card__price"
    >
      <b
        className="place-card__price-value"
      >
        €
        120
      </b>
      <span
        className="place-card__price-text"
      >
        / 
        night
      </span>
    </div>
    <button
      className="place-card__bookmark-button place-card__bookmark-button--active button"
      type="button"
    >
      <svg
        className="place-card__bookmark-icon"
        height="19"
        width="18"
      >
        <use
          xlinkHref="#icon-bookmark-active"
        />
      </svg>
      <span
        className="visually-hidden"
      >
        In bookmarks
      </span>
    </button>
  </div>
  <div
    className="place-card__rating rating"
  >
    <div
      className="place-card__stars rating__stars"
    >
      <span
        style={
          Object {
            "width": "80%",
          }
        }
      />
      <span
        className="visually-hidden"
      >
        Rating
      </span>
    </div>
  </div>
  <h2
    className="place-card__name"
  >
    <a
      href="/offer/0"
    >
      Beautiful &amp; luxurious apartment at great location
    </a>
  </h2>
  <p
    className="place-card__type"
  >
    Apartment
  </p>
</div>
`;
